.cargo/config.toml: OK
AGENTS.md: OK
Cargo.lock: OK
Cargo.toml: OK
clients/rust/Cargo.toml: OK
clients/rust/README.md: OK
clients/rust/examples/basic.rs: OK
clients/rust/src/client.rs: OK
clients/rust/src/client/tests.rs: OK
clients/rust/src/error.rs: OK
clients/rust/src/lib.rs: OK
clients/rust/src/types.rs: OK
clients/rust/tests/protocol.rs: OK
clients/rust/tests/real_service.rs: OK
clients/rust/tests/status.rs: OK
clients/rust/tests/types.rs: OK
docs/CONFIGURATION.md: OK
docs/METRICS.md: OK
docs/NATIVE_REUSE.md: OK
examples/boundary_bench.rs: OK
examples/cloud_probe.rs: OK
examples/flow_journal_probe.rs: OK
examples/ingest_bench.rs: OK
examples/query_readiness_probe.rs: OK
examples/table.json: OK
examples/workload.rs: OK
examples/write.json: OK
src/append_accounting_tests.rs: OK
src/append_overlay.rs: OK
src/commit_boundary.rs: OK
src/commit_boundary_multitable_tests.rs: OK
src/commit_boundary_tests.rs: OK
src/commit_log.rs: OK
src/control.rs: OK
src/dependency_publication.rs: OK
src/derived.rs: OK
src/derived/tests.rs: OK
src/derived_root.rs: OK
src/engine.rs: OK
src/engine_metrics_tests.rs: OK
src/flow.rs: OK
src/flow_tests.rs: OK
src/hot_path_tests.rs: OK
src/ingest.rs: OK
src/ingest_flow.rs: OK
src/ingest_flow_tests.rs: OK
src/ingest_flow_workers.rs: OK
src/ingest_trace.rs: OK
src/job_runtime.rs: OK
src/journal.rs: OK
src/journal_tests.rs: OK
src/lib.rs: OK
src/main.rs: OK
src/metrics.rs: OK
src/model.rs: OK
src/owned_epoch_tests.rs: OK
src/pg_transport.rs: OK
src/phase_trace.rs: OK
src/plan.rs: OK
src/policy.rs: OK
src/publication_gate.rs: OK
src/query.rs: OK
src/query/native.rs: OK
src/query/native/ffi.rs: OK
src/query/native/output.rs: OK
src/query/native/pool.rs: OK
src/query/native/scan.rs: OK
src/query/native/startup.rs: OK
src/query/native_race_tests.rs: OK
src/query/native_reuse_tests.rs: OK
src/query/native_tests.rs: OK
src/query/resident.rs: OK
src/query/resident_descriptor_tests.rs: OK
src/query/resident_process_tests.rs: OK
src/query/resident_tests.rs: OK
src/query/resident_types.rs: OK
src/query/workers.rs: OK
src/raw_budget_tests.rs: OK
src/raw_lineage_tests.rs: OK
src/raw_memory.rs: OK
src/raw_pressure_tests.rs: OK
src/remote.rs: OK
src/segment.rs: OK
src/service.rs: OK
src/service_retirement_tests.rs: OK
src/tier.rs: OK
src/tier_journal.rs: OK
src/transport.rs: OK
src/wal.rs: OK
src/write_input.rs: OK
tests/admission.rs: OK
tests/audit_regressions.rs: OK
tests/background_io.rs: OK
tests/control.rs: OK
tests/derived_state.rs: OK
tests/engine.rs: OK
tests/group_commit.rs: OK
tests/headroom_recovery.rs: OK
tests/ingest.rs: OK
tests/ingest_flush.rs: OK
tests/ingest_traces.rs: OK
tests/journal_engine.rs: OK
tests/journal_remote.rs: OK
tests/maintenance_preparation.rs: OK
tests/maintenance_work.rs: OK
tests/metadata_longevity.rs: OK
tests/model.rs: OK
tests/plan_nested.rs: OK
tests/prefix_admission.rs: OK
tests/prefix_checkpoint.rs: OK
tests/prepared_publication.rs: OK
tests/publication.rs: OK
tests/query.rs: OK
tests/query_boundary.rs: OK
tests/query_catalog_exposure.rs: OK
tests/query_projection.rs: OK
tests/query_residency.rs: OK
tests/query_security.rs: OK
tests/query_typed_inputs.rs: OK
tests/query_workers.rs: OK
tests/raw_pressure.rs: OK
tests/rebuilt_engine.rs: OK
tests/remote_store.rs: OK
tests/residency.rs: OK
tests/resident_pruning.rs: OK
tests/scheduler.rs: OK
tests/security.rs: OK
tests/service.rs: OK
tests/test_container.py: OK
tests/test_stress.py: OK
tests/test_verify_stress.py: OK
tests/transports.rs: OK
